<html>
<body>
<pre>
<h1>µVision Build Log</h1>
<h2>Tool Versions:</h2>
IDE-Version: µVision V5.29.0.0
Copyright (C) 2019 ARM Ltd and ARM Germany GmbH. All rights reserved.
License Information: ziad hesham, student, LIC=----
 
Tool Versions:
Toolchain:       MDK-Lite  Version: 5.29.0.0
Toolchain Path:  C:\Keil_v5\ARM\ARMCC\Bin
C Compiler:      Armcc.exe V5.06 update 6 (build 750)
Assembler:       Armasm.exe V5.06 update 6 (build 750)
Linker/Locator:  ArmLink.exe V5.06 update 6 (build 750)
Library Manager: ArmAr.exe V5.06 update 6 (build 750)
Hex Converter:   FromElf.exe V5.06 update 6 (build 750)
CPU DLL:         SARM.DLL V5.29.0.0
Dialog DLL:      DARMP.DLL V1.53.0.0
Target DLL:      UL2ARM.DLL V1.74.10.0
Dialog DLL:      TARMP.DLL V1.53.0.0
 
<h2>Project:</h2>
D:\Sketches\EGFWD_ES\RTOS\FreeRTOSv202112.00\FreeRTOSv202112.00\FreeRTOS\Demo\ARM7_LPC2129_Keil_RVDS\RTOSDemo.uvproj
Project File Date:  08/24/2022

<h2>Output:</h2>
*** Using Compiler 'V5.06 update 6 (build 750)', folder: 'C:\Keil_v5\ARM\ARMCC\Bin'
Rebuild target 'RTOSDemo_THUMB'
compiling GPIO.c...
Starter_Files_V1\source\GPIO.c(50): warning:  #127-D: expected a statement
  		}
Starter_Files_V1\source\GPIO.c: 1 warning, 0 errors
assembling serialISR.s...
compiling queue.c...
compiling GPIO_cfg.c...
assembling Startup.s...
compiling ParTest.c...
compiling list.c...
compiling port.c...
compiling serial.c...
Starter_Files_V1\source\serial.c(185): warning:  #550-D: variable "cChar"  was set but never used
  signed char cChar;
Starter_Files_V1\source\serial.c: 1 warning, 0 errors
compiling main.c...
Starter_Files_V1\source\main.c(112): warning:  #167-D: argument of type "void *" is incompatible with parameter of type "TaskHookFunction_t"
  	vTaskSetApplicationTaskTag(NULL ,(void *)1 );	
Starter_Files_V1\source\main.c(123): warning:  #167-D: argument of type "char *" is incompatible with parameter of type "const signed char *const"
  			vSerialPutString( xReadQueue ,10);
Starter_Files_V1\source\main.c(134): warning:  #188-D: enumerated type mixed with another type
  	pinState_t  newState=0;
Starter_Files_V1\source\main.c(135): warning:  #188-D: enumerated type mixed with another type
  	pinState_t oldState= 0;
Starter_Files_V1\source\main.c(138): warning:  #167-D: argument of type "void *" is incompatible with parameter of type "TaskHookFunction_t"
  	vTaskSetApplicationTaskTag(NULL ,(void *)2 );	
Starter_Files_V1\source\main.c(168): warning:  #188-D: enumerated type mixed with another type
  	pinState_t  newState=0;
Starter_Files_V1\source\main.c(169): warning:  #188-D: enumerated type mixed with another type
  	pinState_t oldState= 0;
Starter_Files_V1\source\main.c(172): warning:  #167-D: argument of type "void *" is incompatible with parameter of type "TaskHookFunction_t"
  	vTaskSetApplicationTaskTag(NULL ,(void *)3 );	
Starter_Files_V1\source\main.c(206): warning:  #167-D: argument of type "void *" is incompatible with parameter of type "TaskHookFunction_t"
  	vTaskSetApplicationTaskTag(NULL ,(void *)4 );
Starter_Files_V1\source\main.c(224): warning:  #167-D: argument of type "void *" is incompatible with parameter of type "TaskHookFunction_t"
  	vTaskSetApplicationTaskTag(NULL ,(void *)5 );
Starter_Files_V1\source\main.c(241): warning:  #167-D: argument of type "void *" is incompatible with parameter of type "TaskHookFunction_t"
  	vTaskSetApplicationTaskTag(NULL ,(void *)6 );
Starter_Files_V1\source\main.c(274): warning:  #223-D: function "xTaskCreatePeriodic" declared implicitly
  		xTaskCreatePeriodic(
Starter_Files_V1\source\main.c: 12 warnings, 0 errors
assembling portASM.s...
compiling heap_2.c...
compiling tasks.c...
..\..\Source\tasks.c(2217): warning:  #223-D: function "configTimer1" declared implicitly
          portCONFIGURE_TIMER_FOR_RUN_TIME_STATS();
..\..\Source\tasks.c: 1 warning, 0 errors
linking...
Program Size: Code=16052 RO-data=32 RW-data=316 ZI-data=15380  
FromELF: creating hex file...
".\bin\RTOSDemo.axf" - 0 Error(s), 15 Warning(s).
Build Time Elapsed:  00:00:00
</pre>
</body>
</html>
